
 Start  Stop   Length Name                   Class
 00000H 00000H 00000H _TEXT                  CODE
 00000H 02C38H 02C39H _TEXT32                CODE
 02C3AH 02C3AH 00000H _DATA                  DATA
 02C40H 02C40H 00000H STACK                  STACK

 Origin   Group
 0000:0   DGROUP

  Address         Publics by Name

 0000:020D       BIOS_iPIC_mask_all_irqs
 0000:0155       BIOS_iPIC_mask_irq
 0000:0108       BIOS_iPIC_redirect_irq
 0000:0223       BIOS_iPIC_unmask_all_irqs
 0000:01B1       BIOS_iPIC_unmask_irq
 0000:02AC       BIOS_requestor
 0000:09F1       Exodus_TASK_release_timeslice
 0000:0242       iBIOS_read_8042_60h
 0000:028D       iBIOS_read_8042_60h_fast
 0000:0239       iBIOS_read_8042_64h
 0000:0288       iBIOS_read_8042_64h_fast
 0000:0266       iBIOS_write_8042_60h
 0000:02A7       iBIOS_write_8042_60h_fast
 0000:025B       iBIOS_write_8042_64h
 0000:02A2       iBIOS_write_8042_64h_fast
 0000:009C       initialize_driver
 0000:00B9       initialize_PIC
 0000:045B       initialize_TASKING
 0000:00E4       initialize_TIMER
 0000:1024       invOBJECT_create_base_object_console
 0000:0C28       invOBJECT_create_base_object_desktop
 0000:0C27       invOBJECT_create_base_object_grouping
 0000:1028       invOBJECT_create_base_object_mono_console
 0000:1026       invOBJECT_create_base_object_mono_desktop
 0000:1029       invOBJECT_create_base_object_mono_text_mode
 0000:1027       invOBJECT_create_base_object_mono_window
 0000:1025       invOBJECT_create_base_object_text_mode
 0000:1023       invOBJECT_create_base_object_window
 0000:1D77       invOBJECT_create_border_box
 0000:169C       invOBJECT_create_hline
 0000:1A06       invOBJECT_create_rectangle
 0000:1193       invOBJECT_create_text_field
 0000:2178       invOBJECT_redraw_base_object
 0000:2423       invOBJECT_redraw_bitmap
 0000:2498       invOBJECT_redraw_border_box
 0000:2418       invOBJECT_redraw_button
 0000:2494       invOBJECT_redraw_cask
 0000:2495       invOBJECT_redraw_cfsca_window
 0000:241C       invOBJECT_redraw_check_box
 0000:241D       invOBJECT_redraw_circle_box
 0000:2213       invOBJECT_redraw_console
 0000:21BC       invOBJECT_redraw_desktop
 0000:2424       invOBJECT_redraw_horizontal_line
 0000:2492       invOBJECT_redraw_horizontal_scroll_bar
 0000:2422       invOBJECT_redraw_icon
 0000:2361       invOBJECT_redraw_input_field
 0000:245A       invOBJECT_redraw_line
 0000:2419       invOBJECT_redraw_menu_bar
 0000:2216       invOBJECT_redraw_mono_console
 0000:2214       invOBJECT_redraw_mono_desktop
 0000:2215       invOBJECT_redraw_mono_window
 0000:2496       invOBJECT_redraw_numbers_window
 0000:2217       invOBJECT_redraw_object
 0000:245B       invOBJECT_redraw_oval
 0000:2420       invOBJECT_redraw_percent_bar
 0000:241A       invOBJECT_redraw_popup
 0000:241E       invOBJECT_redraw_pulldown
 0000:241B       invOBJECT_redraw_radio_dial
 0000:245C       invOBJECT_redraw_rectangle
 0000:241F       invOBJECT_redraw_slide_bar
 0000:2362       invOBJECT_redraw_text_field
 0000:2421       invOBJECT_redraw_tray
 0000:2497       invOBJECT_redraw_typeset_window
 0000:2459       invOBJECT_redraw_vertical_line
 0000:2493       invOBJECT_redraw_vertical_scroll_bar
 0000:2212       invOBJECT_redraw_window
 0000:09A9       invTASK_activate_screen_saver
 0000:081F       invTASK_adjust_mouse_coordinates
 0000:09AA       invTASK_cancel_screen_saver
 0000:0935       invTASK_hide_mouse_pointer
 0000:09A8       invTASK_mouse_button_activity
 0000:0962       invTASK_show_mouse_pointer
 0000:0A26       invTASK_switch_task
 0000:0341       invTIMER_set_interrupt_interval
 0000:0340       invTIMER_system_event
 0000:0AD8       iOBJECT_initialize_object_space
 0000:0AF8       iOBJECT_locate_task_object
 0000:2142       iOBJECT_redraw_task
 0000:09AC       iTASK_allow_task_switch
 0000:09FC       iTASK_kbd_interface
 0000:09FD       iTASK_locate_handle
 0000:075C       iTASK_mouse_interface
 0000:09AB       iTASK_prevent_task_switch
 0000:0350       iTIMER_activate_DEBI_timer_feed
 0000:036F       iTIMER_deactivate_DEBI_timer_feed
 0000:0087       main
 0000:0B1A       OBJECT_create_base_object
 0000:102A       OBJECT_create_object
 0000:0008       requestor
 0000:09E7       TASK_cancel_read_events
 0000:09CE       TASK_read_events
 0000:09E7       TASK_release_timeslice
 0000:09AD       TASK_set_focus
 0000:03EC       TIMER_evaluate_interval
 0000:02B1       TIMER_handler
 0000:03A0       TIMER_wait_full_tick
 0000:0384       TIMER_wait_next_tick
 0000:03C2       TIMER_wait_x_ticks
 0000:2C40       _edata
 0000:2C40       _end
 0000:2C40       __edata
 0000:2C40       __end

  Address         Publics by Value

 0000:0008       requestor
 0000:0087       main
 0000:009C       initialize_driver
 0000:00B9       initialize_PIC
 0000:00E4       initialize_TIMER
 0000:0108       BIOS_iPIC_redirect_irq
 0000:0155       BIOS_iPIC_mask_irq
 0000:01B1       BIOS_iPIC_unmask_irq
 0000:020D       BIOS_iPIC_mask_all_irqs
 0000:0223       BIOS_iPIC_unmask_all_irqs
 0000:0239       iBIOS_read_8042_64h
 0000:0242       iBIOS_read_8042_60h
 0000:025B       iBIOS_write_8042_64h
 0000:0266       iBIOS_write_8042_60h
 0000:0288       iBIOS_read_8042_64h_fast
 0000:028D       iBIOS_read_8042_60h_fast
 0000:02A2       iBIOS_write_8042_64h_fast
 0000:02A7       iBIOS_write_8042_60h_fast
 0000:02AC       BIOS_requestor
 0000:02B1       TIMER_handler
 0000:0340       invTIMER_system_event
 0000:0341       invTIMER_set_interrupt_interval
 0000:0350       iTIMER_activate_DEBI_timer_feed
 0000:036F       iTIMER_deactivate_DEBI_timer_feed
 0000:0384       TIMER_wait_next_tick
 0000:03A0       TIMER_wait_full_tick
 0000:03C2       TIMER_wait_x_ticks
 0000:03EC       TIMER_evaluate_interval
 0000:045B       initialize_TASKING
 0000:075C       iTASK_mouse_interface
 0000:081F       invTASK_adjust_mouse_coordinates
 0000:0935       invTASK_hide_mouse_pointer
 0000:0962       invTASK_show_mouse_pointer
 0000:09A8       invTASK_mouse_button_activity
 0000:09A9       invTASK_activate_screen_saver
 0000:09AA       invTASK_cancel_screen_saver
 0000:09AB       iTASK_prevent_task_switch
 0000:09AC       iTASK_allow_task_switch
 0000:09AD       TASK_set_focus
 0000:09CE       TASK_read_events
 0000:09E7       TASK_cancel_read_events
 0000:09E7       TASK_release_timeslice
 0000:09F1       Exodus_TASK_release_timeslice
 0000:09FC       iTASK_kbd_interface
 0000:09FD       iTASK_locate_handle
 0000:0A26       invTASK_switch_task
 0000:0AD8       iOBJECT_initialize_object_space
 0000:0AF8       iOBJECT_locate_task_object
 0000:0B1A       OBJECT_create_base_object
 0000:0C27       invOBJECT_create_base_object_grouping
 0000:0C28       invOBJECT_create_base_object_desktop
 0000:1023       invOBJECT_create_base_object_window
 0000:1024       invOBJECT_create_base_object_console
 0000:1025       invOBJECT_create_base_object_text_mode
 0000:1026       invOBJECT_create_base_object_mono_desktop
 0000:1027       invOBJECT_create_base_object_mono_window
 0000:1028       invOBJECT_create_base_object_mono_console
 0000:1029       invOBJECT_create_base_object_mono_text_mode
 0000:102A       OBJECT_create_object
 0000:1193       invOBJECT_create_text_field
 0000:169C       invOBJECT_create_hline
 0000:1A06       invOBJECT_create_rectangle
 0000:1D77       invOBJECT_create_border_box
 0000:2142       iOBJECT_redraw_task
 0000:2178       invOBJECT_redraw_base_object
 0000:21BC       invOBJECT_redraw_desktop
 0000:2212       invOBJECT_redraw_window
 0000:2213       invOBJECT_redraw_console
 0000:2214       invOBJECT_redraw_mono_desktop
 0000:2215       invOBJECT_redraw_mono_window
 0000:2216       invOBJECT_redraw_mono_console
 0000:2217       invOBJECT_redraw_object
 0000:2361       invOBJECT_redraw_input_field
 0000:2362       invOBJECT_redraw_text_field
 0000:2418       invOBJECT_redraw_button
 0000:2419       invOBJECT_redraw_menu_bar
 0000:241A       invOBJECT_redraw_popup
 0000:241B       invOBJECT_redraw_radio_dial
 0000:241C       invOBJECT_redraw_check_box
 0000:241D       invOBJECT_redraw_circle_box
 0000:241E       invOBJECT_redraw_pulldown
 0000:241F       invOBJECT_redraw_slide_bar
 0000:2420       invOBJECT_redraw_percent_bar
 0000:2421       invOBJECT_redraw_tray
 0000:2422       invOBJECT_redraw_icon
 0000:2423       invOBJECT_redraw_bitmap
 0000:2424       invOBJECT_redraw_horizontal_line
 0000:2459       invOBJECT_redraw_vertical_line
 0000:245A       invOBJECT_redraw_line
 0000:245B       invOBJECT_redraw_oval
 0000:245C       invOBJECT_redraw_rectangle
 0000:2492       invOBJECT_redraw_horizontal_scroll_bar
 0000:2493       invOBJECT_redraw_vertical_scroll_bar
 0000:2494       invOBJECT_redraw_cask
 0000:2495       invOBJECT_redraw_cfsca_window
 0000:2496       invOBJECT_redraw_numbers_window
 0000:2497       invOBJECT_redraw_typeset_window
 0000:2498       invOBJECT_redraw_border_box
 0000:2C40       __edata
 0000:2C40       _edata
 0000:2C40       _end
 0000:2C40       __end
