
 Start  Stop   Length Name                   Class
 00000H 00000H 00000H _TEXT                  CODE
 00000H 0D899H 0D89AH _TEXT32                CODE
 0D89AH 0D89AH 00000H _DATA                  DATA
 0D8A0H 0D8A0H 00000H STACK                  STACK

 Origin   Group
 0000:0   DGROUP

  Address         Publics by Name

 0000:02AE       DEBI_debug
 0000:140B       iDEBI_bochs_mouse_interface
 0000:5392       iDEBI_close_file
 0000:1165       iDEBI_kbd_interface
 0000:11AF       iDEBI_mouse_interface
 0000:5391       iDEBI_open_file
 0000:5392       iDEBI_read_file
 0000:15B5       iDEBI_timer_interface
 0000:5392       iDEBI_write_file
 0000:009C       initialize_driver
 0000:1B4C       invDEBI_absolute_edx
 0000:16DF       invDEBI_activate_screen_saver
 0000:5156       invDEBI_address_expression
 0000:0B07       invDEBI_adjust_for_fpu_tos
 0000:0DAE       invDEBI_align_floating_point_string
 0000:50D2       invDEBI_button
 0000:498D       invDEBI_button_activate
 0000:45C3       invDEBI_button_kbd_handler
 0000:498C       invDEBI_button_refresh
 0000:183F       invDEBI_cancel_screen_saver
 0000:512D       invDEBI_center_item_around_mouse
 0000:4FAF       invDEBI_cfsca_1_window
 0000:50CE       invDEBI_cfsca_2_click
 0000:4FB8       invDEBI_cfsca_2_window
 0000:50CF       invDEBI_cfsca_3_click
 0000:4FC1       invDEBI_cfsca_3_window
 0000:50D0       invDEBI_cfsca_4_click
 0000:50D4       invDEBI_CFSCA_kbd_handler
 0000:2549       invDEBI_cfsca_menu
 0000:4FC8       invDEBI_cfsca_window_common
 0000:39CA       invDEBI_change_window_cfsca_1
 0000:39DB       invDEBI_change_window_cfsca_2
 0000:39EC       invDEBI_change_window_cfsca_3
 0000:39FD       invDEBI_change_window_common_cfsca
 0000:50D3       invDEBI_checkbox
 0000:4968       invDEBI_checkbox_activate
 0000:4570       invDEBI_checkbox_kbd_handler
 0000:41D3       invDEBI_checkbox_mouse_handler
 0000:4967       invDEBI_checkbox_refresh
 0000:41DC       invDEBI_checkbox_toggle
 0000:1B57       invDEBI_check_drag_start
 0000:1B92       invDEBI_check_drag_stop
 0000:1BD6       invDEBI_check_hovering
 0000:1D9F       invDEBI_check_immediate
 0000:1C86       invDEBI_check_mouse_event
 0000:1E47       invDEBI_check_mouse_object_coordinate
 0000:1E86       invDEBI_check_mouse_object_coordinate_drag_start
 0000:1F04       invDEBI_check_mouse_object_coordinate_drag_stop
 0000:1F82       invDEBI_check_objects_click
 0000:0A6E       invDEBI_check_stx_from_fpu_save_state
 0000:4162       invDEBI_clear_disp_22
 0000:04BF       invDEBI_clear_screen_and_redraw_windows
 0000:40EA       invDEBI_clear_text_22
 0000:0B4A       invDEBI_convert_st0_to_string
 0000:50D5       invDEBI_descriptor_hover
 0000:3FAC       invDEBI_determine_mmx_variable
 0000:3DF3       invDEBI_determine_stx_variable
 0000:1432       invDEBI_dragging_snap_x
 0000:145B       invDEBI_dragging_snap_y
 0000:4028       invDEBI_drag_start
 0000:40C5       invDEBI_drag_stop
 0000:053B       invDEBI_draw_objects
 0000:09D0       invDEBI_draw_window
 0000:525F       invDEBI_edit_variable
 0000:49F6       invDEBI_exp_screen_ok
 0000:0D32       invDEBI_extract_digit
 0000:4E7E       invDEBI_force_lowercase_ah_al
 0000:48A4       invDEBI_force_lowercase_ds_edx
 0000:274B       invDEBI_fpu_fdivp
 0000:2765       invDEBI_fpu_fdivrp
 0000:2713       invDEBI_fpu_ffree
 0000:25BA       invDEBI_fpu_finit
 0000:26A2       invDEBI_fpu_fld_0
 0000:26BC       invDEBI_fpu_fld_1
 0000:26D6       invDEBI_fpu_fld_10
 0000:26F9       invDEBI_fpu_fld_pi
 0000:2731       invDEBI_fpu_fmulp
 0000:2639       invDEBI_fpu_force_0
 0000:2645       invDEBI_fpu_force_1
 0000:2651       invDEBI_fpu_force_10
 0000:2666       invDEBI_fpu_force_pi
 0000:27AA       invDEBI_fpu_get_stx_offset_in_ebx
 0000:2554       invDEBI_fpu_menu
 0000:2792       invDEBI_fpu_restore
 0000:277F       invDEBI_fpu_save
 0000:2683       invDEBI_fpu_swap_sign
 0000:25CE       invDEBI_FPU_update_display
 0000:4A8B       invDEBI_from_object_memvar
 0000:49B1       invDEBI_function_set_cursor
 0000:2532       invDEBI_general_menu
 0000:3962       invDEBI_get_mem_window_coords
 0000:1689       invDEBI_hide_mouse_pointer
 0000:41C2       invDEBI_input_clear_field
 0000:414A       invDEBI_input_clear_var_click
 0000:5395       invDEBI_int0_handler
 0000:5435       invDEBI_int10_handler
 0000:5444       invDEBI_int11_handler
 0000:5453       invDEBI_int12_handler
 0000:5462       invDEBI_int13_handler
 0000:5471       invDEBI_int14_handler
 0000:5480       invDEBI_int15_handler
 0000:5491       invDEBI_int16_handler
 0000:54A2       invDEBI_int17_handler
 0000:54B1       invDEBI_int18_handler
 0000:53A6       invDEBI_int1_handler
 0000:53B7       invDEBI_int2_handler
 0000:53C8       invDEBI_int3_handler
 0000:53D9       invDEBI_int4_handler
 0000:53EA       invDEBI_int5_handler
 0000:53FB       invDEBI_int6_handler
 0000:540C       invDEBI_int7_handler
 0000:5415       invDEBI_int8_handler
 0000:5424       invDEBI_int9_handler
 0000:4A74       invDEBI_into_object_memvar
 0000:5260       invDEBI_kbd_handler
 0000:49C8       invDEBI_kbd_input_cancel
 0000:0A06       invDEBI_load_stx_from_ebx
 0000:39BF       invDEBI_logo_window
 0000:4813       invDEBI_lostFocus
 0000:32DD       invDEBI_mem1_window
 0000:32EB       invDEBI_mem2_window
 0000:32F9       invDEBI_mem3_window
 0000:3307       invDEBI_mem4_window
 0000:20CD       invDEBI_menu
 0000:3BDA       invDEBI_menu_break_click
 0000:23D8       invDEBI_menu_cancel
 0000:240F       invDEBI_menu_change
 0000:3BD1       invDEBI_menu_continue_click
 0000:3BDB       invDEBI_menu_over_click
 0000:24CD       invDEBI_menu_refresh
 0000:3BDC       invDEBI_menu_step_click
 0000:23B0       invDEBI_menu_write_common_header
 0000:3E97       invDEBI_mmx_drag_start
 0000:3F3E       invDEBI_mmx_drag_stop
 0000:2825       invDEBI_mmx_emms
 0000:283C       invDEBI_mmx_emms_zero
 0000:257F       invDEBI_mmx_menu
 0000:2CDC       invDEBI_mmx_movq
 0000:2AE4       invDEBI_mmx_movq_0000_0000_0000_0000
 0000:2AD5       invDEBI_mmx_movq_0000_0000_0000_000f
 0000:2AC6       invDEBI_mmx_movq_0000_0000_0000_00ff
 0000:2AB7       invDEBI_mmx_movq_0000_0000_0000_0fff
 0000:2AA8       invDEBI_mmx_movq_0000_0000_0000_ffff
 0000:2A99       invDEBI_mmx_movq_0000_0000_ffff_ffff
 0000:2A8A       invDEBI_mmx_movq_0000_ffff_ffff_ffff
 0000:2A7B       invDEBI_mmx_movq_ffff_ffff_ffff_ffff
 0000:2D00       invDEBI_mmx_pand
 0000:2D48       invDEBI_mmx_pandn
 0000:2C97       invDEBI_mmx_pandn_0000_0000_0000_000f
 0000:2C88       invDEBI_mmx_pandn_0000_0000_0000_00ff
 0000:2C79       invDEBI_mmx_pandn_0000_0000_0000_0fff
 0000:2C6A       invDEBI_mmx_pandn_0000_0000_0000_ffff
 0000:2C5B       invDEBI_mmx_pandn_0000_0000_ffff_0000
 0000:2CB5       invDEBI_mmx_pandn_0000_0000_ffff_ffff
 0000:2C4C       invDEBI_mmx_pandn_0000_ffff_0000_0000
 0000:2CD0       invDEBI_mmx_pandn_0000_ffff_0000_ffff
 0000:2C3D       invDEBI_mmx_pandn_ffff_0000_0000_0000
 0000:2CC4       invDEBI_mmx_pandn_ffff_0000_ffff_0000
 0000:2CA6       invDEBI_mmx_pandn_ffff_ffff_0000_0000
 0000:2B4D       invDEBI_mmx_pand_0000_0000_0000_000f
 0000:2B3E       invDEBI_mmx_pand_0000_0000_0000_00ff
 0000:2B2F       invDEBI_mmx_pand_0000_0000_0000_0fff
 0000:2B20       invDEBI_mmx_pand_0000_0000_0000_ffff
 0000:2B11       invDEBI_mmx_pand_0000_0000_ffff_0000
 0000:2B6B       invDEBI_mmx_pand_0000_0000_ffff_ffff
 0000:2B02       invDEBI_mmx_pand_0000_ffff_0000_0000
 0000:2B89       invDEBI_mmx_pand_0000_ffff_0000_ffff
 0000:2AF3       invDEBI_mmx_pand_ffff_0000_0000_0000
 0000:2B7A       invDEBI_mmx_pand_ffff_0000_ffff_0000
 0000:2B5C       invDEBI_mmx_pand_ffff_ffff_0000_0000
 0000:288D       invDEBI_mmx_pnot
 0000:2D24       invDEBI_mmx_por
 0000:2BF2       invDEBI_mmx_por_0000_0000_0000_000f
 0000:2BE3       invDEBI_mmx_por_0000_0000_0000_00ff
 0000:2BD4       invDEBI_mmx_por_0000_0000_0000_0fff
 0000:2BC5       invDEBI_mmx_por_0000_0000_0000_ffff
 0000:2BB6       invDEBI_mmx_por_0000_0000_ffff_0000
 0000:2C10       invDEBI_mmx_por_0000_0000_ffff_ffff
 0000:2BA7       invDEBI_mmx_por_0000_ffff_0000_0000
 0000:2C2E       invDEBI_mmx_por_0000_ffff_0000_ffff
 0000:2B98       invDEBI_mmx_por_ffff_0000_0000_0000
 0000:2C1F       invDEBI_mmx_por_ffff_0000_ffff_0000
 0000:2C01       invDEBI_mmx_por_ffff_ffff_0000_0000
 0000:2A40       invDEBI_mmx_prol_mmx_1
 0000:29A2       invDEBI_mmx_prol_mmx_16
 0000:29E1       invDEBI_mmx_prol_mmx_8
 0000:2968       invDEBI_mmx_pror_mmx_1
 0000:28CA       invDEBI_mmx_pror_mmx_16
 0000:28A7       invDEBI_mmx_pror_mmx_32
 0000:2909       invDEBI_mmx_pror_mmx_8
 0000:2A61       invDEBI_mmx_pshl_mmx_1
 0000:2988       invDEBI_mmx_pshr_mmx_1
 0000:188F       invDEBI_mouse_button_activity
 0000:3B6A       invDEBI_new_window_common
 0000:3A6A       invDEBI_new_window_descriptor
 0000:3ABA       invDEBI_new_window_fpu_1
 0000:3ACE       invDEBI_new_window_fpu_2
 0000:3AF3       invDEBI_new_window_fpu_savestate
 0000:3AE2       invDEBI_new_window_fpu_summary
 0000:3B48       invDEBI_new_window_locals
 0000:3B04       invDEBI_new_window_mem_1
 0000:3B15       invDEBI_new_window_mem_2
 0000:3B26       invDEBI_new_window_mem_3
 0000:3B37       invDEBI_new_window_mem_4
 0000:3AA6       invDEBI_new_window_mmx
 0000:3A7E       invDEBI_new_window_regs_1
 0000:3A92       invDEBI_new_window_regs_3
 0000:3B59       invDEBI_new_window_stack
 0000:45FD       invDEBI_next_keyboard_item
 0000:046B       invDEBI_null
 0000:510B       invDEBI_object_close
 0000:3BE5       invDEBI_object_drag_start
 0000:3C64       invDEBI_object_drag_stop
 0000:47F2       invDEBI_object_setFocus
 0000:4D55       invDEBI_parse_binary_constant
 0000:4CE7       invDEBI_parse_decimal_constant
 0000:4AAF       invDEBI_parse_expression
 0000:4CAB       invDEBI_parse_hexadecimal_constant
 0000:4D25       invDEBI_parse_octal_constant
 0000:0501       invDEBI_populate_debug_screen
 0000:3315       invDEBI_populate_mem_window
 0000:34D4       invDEBI_pop_line_mem_window_ascii_char
 0000:356F       invDEBI_pop_line_mem_window_byte
 0000:36CF       invDEBI_pop_line_mem_window_dword
 0000:511A       invDEBI_pop_line_mem_window_float32
 0000:5120       invDEBI_pop_line_mem_window_float64
 0000:5126       invDEBI_pop_line_mem_window_float80
 0000:37A2       invDEBI_pop_line_mem_window_qword
 0000:3611       invDEBI_pop_line_mem_window_word
 0000:3470       invDEBI_pop_line_show_address
 0000:389C       invDEBI_pop_line_show_displacement
 0000:1164       invDEBI_query_window
 0000:105D       invDEBI_quick_watch_add_divider
 0000:0EC6       invDEBI_quick_watch_add_item
 0000:0F38       invDEBI_quick_watch_add_item_ecx
 0000:0FDE       invDEBI_quick_watch_add_radix_in_edx
 0000:1030       invDEBI_quick_watch_add_real4_in_edx
 0000:525E       invDEBI_quick_watch_click
 0000:2FAE       invDEBI_quick_watch_common_32
 0000:3299       invDEBI_quick_watch_locals_32
 0000:50DB       invDEBI_quick_watch_mem_32
 0000:50E1       invDEBI_quick_watch_mem_8
 0000:50F9       invDEBI_quick_watch_mem_ascii_8
 0000:0FAA       invDEBI_quick_watch_refresh_window
 0000:107B       invDEBI_quick_watch_scroll_data
 0000:5105       invDEBI_quick_watch_show_32_selector_separated
 0000:2FA0       invDEBI_quick_watch_show_EBP_relative_32
 0000:50FF       invDEBI_quick_watch_show_EBP_relative_64
 0000:50E7       invDEBI_quick_watch_show_EBP_relative_80
 0000:50ED       invDEBI_quick_watch_show_EBP_relative_eflags
 0000:2D70       invDEBI_quick_watch_show_EBP_relative_selector
 0000:2FEB       invDEBI_quick_watch_show_fpu_cw
 0000:32AF       invDEBI_quick_watch_show_fpu_opcode
 0000:3109       invDEBI_quick_watch_show_fpu_sw
 0000:322B       invDEBI_quick_watch_show_fpu_tw
 0000:50F3       invDEBI_quick_watch_show_selector
 0000:3283       invDEBI_quick_watch_stack_32
 0000:512C       invDEBI_quick_watch_window
 0000:5393       invDEBI_read_sector
 0000:04E4       invDEBI_redraw_windows
 0000:175C       invDEBI_restore_screen2
 0000:1739       invDEBI_save_screen2
 0000:41F2       invDEBI_screen_refresh
 0000:5392       invDEBI_search_file
 0000:4E14       invDEBI_search_keywords
 0000:4D84       invDEBI_search_regs
 0000:46FD       invDEBI_setFocus
 0000:16B4       invDEBI_show_mouse_pointer
 0000:0D51       invDEBI_signed_convert_dword_to_decimal
 0000:523D       invDEBI_store_bytes_in_eax
 0000:393C       invDEBI_store_byte_data_in_al
 0000:38FA       invDEBI_store_eax_sign
 0000:3915       invDEBI_store_ecx_hexadecimal_in_eax
 0000:390C       invDEBI_store_ecx_hexadecimal_in_eax_no_sign
 0000:5211       invDEBI_store_hex_address_in_eax
 0000:3CDE       invDEBI_stx_drag_start
 0000:3D85       invDEBI_stx_drag_stop
 0000:2672       invDEBI_stx_store_st0
 0000:493B       invDEBI_textbox_activate
 0000:46A5       invDEBI_textbox_delete_selected
 0000:4865       invDEBI_textbox_end
 0000:488B       invDEBI_textbox_get_length
 0000:4671       invDEBI_textbox_insert
 0000:4363       invDEBI_textbox_kbd_handler
 0000:48BE       invDEBI_textbox_refresh
 0000:4941       invDEBI_textbox_set_cursor
 0000:177F       invDEBI_toggle_cursor
 0000:17DF       invDEBI_turn_cursor_off
 0000:180F       invDEBI_turn_cursor_on
 0000:2603       invDEBI_update_all_windows_of_type
 0000:046C       invDEBI_update_message
 0000:1484       invDEBI_update_mouse_coordinates
 0000:5394       invDEBI_write_sector
 0000:0087       main
 0000:50D1       null_function
 0000:0008       requestor
 0000:D8A0       _edata
 0000:D8A0       _end
 0000:D8A0       __edata
 0000:D8A0       __end

  Address         Publics by Value

 0000:0008       requestor
 0000:0087       main
 0000:009C       initialize_driver
 0000:02AE       DEBI_debug
 0000:046B       invDEBI_null
 0000:046C       invDEBI_update_message
 0000:04BF       invDEBI_clear_screen_and_redraw_windows
 0000:04E4       invDEBI_redraw_windows
 0000:0501       invDEBI_populate_debug_screen
 0000:053B       invDEBI_draw_objects
 0000:09D0       invDEBI_draw_window
 0000:0A06       invDEBI_load_stx_from_ebx
 0000:0A6E       invDEBI_check_stx_from_fpu_save_state
 0000:0B07       invDEBI_adjust_for_fpu_tos
 0000:0B4A       invDEBI_convert_st0_to_string
 0000:0D32       invDEBI_extract_digit
 0000:0D51       invDEBI_signed_convert_dword_to_decimal
 0000:0DAE       invDEBI_align_floating_point_string
 0000:0EC6       invDEBI_quick_watch_add_item
 0000:0F38       invDEBI_quick_watch_add_item_ecx
 0000:0FAA       invDEBI_quick_watch_refresh_window
 0000:0FDE       invDEBI_quick_watch_add_radix_in_edx
 0000:1030       invDEBI_quick_watch_add_real4_in_edx
 0000:105D       invDEBI_quick_watch_add_divider
 0000:107B       invDEBI_quick_watch_scroll_data
 0000:1164       invDEBI_query_window
 0000:1165       iDEBI_kbd_interface
 0000:11AF       iDEBI_mouse_interface
 0000:140B       iDEBI_bochs_mouse_interface
 0000:1432       invDEBI_dragging_snap_x
 0000:145B       invDEBI_dragging_snap_y
 0000:1484       invDEBI_update_mouse_coordinates
 0000:15B5       iDEBI_timer_interface
 0000:1689       invDEBI_hide_mouse_pointer
 0000:16B4       invDEBI_show_mouse_pointer
 0000:16DF       invDEBI_activate_screen_saver
 0000:1739       invDEBI_save_screen2
 0000:175C       invDEBI_restore_screen2
 0000:177F       invDEBI_toggle_cursor
 0000:17DF       invDEBI_turn_cursor_off
 0000:180F       invDEBI_turn_cursor_on
 0000:183F       invDEBI_cancel_screen_saver
 0000:188F       invDEBI_mouse_button_activity
 0000:1B4C       invDEBI_absolute_edx
 0000:1B57       invDEBI_check_drag_start
 0000:1B92       invDEBI_check_drag_stop
 0000:1BD6       invDEBI_check_hovering
 0000:1C86       invDEBI_check_mouse_event
 0000:1D9F       invDEBI_check_immediate
 0000:1E47       invDEBI_check_mouse_object_coordinate
 0000:1E86       invDEBI_check_mouse_object_coordinate_drag_start
 0000:1F04       invDEBI_check_mouse_object_coordinate_drag_stop
 0000:1F82       invDEBI_check_objects_click
 0000:20CD       invDEBI_menu
 0000:23B0       invDEBI_menu_write_common_header
 0000:23D8       invDEBI_menu_cancel
 0000:240F       invDEBI_menu_change
 0000:24CD       invDEBI_menu_refresh
 0000:2532       invDEBI_general_menu
 0000:2549       invDEBI_cfsca_menu
 0000:2554       invDEBI_fpu_menu
 0000:257F       invDEBI_mmx_menu
 0000:25BA       invDEBI_fpu_finit
 0000:25CE       invDEBI_FPU_update_display
 0000:2603       invDEBI_update_all_windows_of_type
 0000:2639       invDEBI_fpu_force_0
 0000:2645       invDEBI_fpu_force_1
 0000:2651       invDEBI_fpu_force_10
 0000:2666       invDEBI_fpu_force_pi
 0000:2672       invDEBI_stx_store_st0
 0000:2683       invDEBI_fpu_swap_sign
 0000:26A2       invDEBI_fpu_fld_0
 0000:26BC       invDEBI_fpu_fld_1
 0000:26D6       invDEBI_fpu_fld_10
 0000:26F9       invDEBI_fpu_fld_pi
 0000:2713       invDEBI_fpu_ffree
 0000:2731       invDEBI_fpu_fmulp
 0000:274B       invDEBI_fpu_fdivp
 0000:2765       invDEBI_fpu_fdivrp
 0000:277F       invDEBI_fpu_save
 0000:2792       invDEBI_fpu_restore
 0000:27AA       invDEBI_fpu_get_stx_offset_in_ebx
 0000:2825       invDEBI_mmx_emms
 0000:283C       invDEBI_mmx_emms_zero
 0000:288D       invDEBI_mmx_pnot
 0000:28A7       invDEBI_mmx_pror_mmx_32
 0000:28CA       invDEBI_mmx_pror_mmx_16
 0000:2909       invDEBI_mmx_pror_mmx_8
 0000:2968       invDEBI_mmx_pror_mmx_1
 0000:2988       invDEBI_mmx_pshr_mmx_1
 0000:29A2       invDEBI_mmx_prol_mmx_16
 0000:29E1       invDEBI_mmx_prol_mmx_8
 0000:2A40       invDEBI_mmx_prol_mmx_1
 0000:2A61       invDEBI_mmx_pshl_mmx_1
 0000:2A7B       invDEBI_mmx_movq_ffff_ffff_ffff_ffff
 0000:2A8A       invDEBI_mmx_movq_0000_ffff_ffff_ffff
 0000:2A99       invDEBI_mmx_movq_0000_0000_ffff_ffff
 0000:2AA8       invDEBI_mmx_movq_0000_0000_0000_ffff
 0000:2AB7       invDEBI_mmx_movq_0000_0000_0000_0fff
 0000:2AC6       invDEBI_mmx_movq_0000_0000_0000_00ff
 0000:2AD5       invDEBI_mmx_movq_0000_0000_0000_000f
 0000:2AE4       invDEBI_mmx_movq_0000_0000_0000_0000
 0000:2AF3       invDEBI_mmx_pand_ffff_0000_0000_0000
 0000:2B02       invDEBI_mmx_pand_0000_ffff_0000_0000
 0000:2B11       invDEBI_mmx_pand_0000_0000_ffff_0000
 0000:2B20       invDEBI_mmx_pand_0000_0000_0000_ffff
 0000:2B2F       invDEBI_mmx_pand_0000_0000_0000_0fff
 0000:2B3E       invDEBI_mmx_pand_0000_0000_0000_00ff
 0000:2B4D       invDEBI_mmx_pand_0000_0000_0000_000f
 0000:2B5C       invDEBI_mmx_pand_ffff_ffff_0000_0000
 0000:2B6B       invDEBI_mmx_pand_0000_0000_ffff_ffff
 0000:2B7A       invDEBI_mmx_pand_ffff_0000_ffff_0000
 0000:2B89       invDEBI_mmx_pand_0000_ffff_0000_ffff
 0000:2B98       invDEBI_mmx_por_ffff_0000_0000_0000
 0000:2BA7       invDEBI_mmx_por_0000_ffff_0000_0000
 0000:2BB6       invDEBI_mmx_por_0000_0000_ffff_0000
 0000:2BC5       invDEBI_mmx_por_0000_0000_0000_ffff
 0000:2BD4       invDEBI_mmx_por_0000_0000_0000_0fff
 0000:2BE3       invDEBI_mmx_por_0000_0000_0000_00ff
 0000:2BF2       invDEBI_mmx_por_0000_0000_0000_000f
 0000:2C01       invDEBI_mmx_por_ffff_ffff_0000_0000
 0000:2C10       invDEBI_mmx_por_0000_0000_ffff_ffff
 0000:2C1F       invDEBI_mmx_por_ffff_0000_ffff_0000
 0000:2C2E       invDEBI_mmx_por_0000_ffff_0000_ffff
 0000:2C3D       invDEBI_mmx_pandn_ffff_0000_0000_0000
 0000:2C4C       invDEBI_mmx_pandn_0000_ffff_0000_0000
 0000:2C5B       invDEBI_mmx_pandn_0000_0000_ffff_0000
 0000:2C6A       invDEBI_mmx_pandn_0000_0000_0000_ffff
 0000:2C79       invDEBI_mmx_pandn_0000_0000_0000_0fff
 0000:2C88       invDEBI_mmx_pandn_0000_0000_0000_00ff
 0000:2C97       invDEBI_mmx_pandn_0000_0000_0000_000f
 0000:2CA6       invDEBI_mmx_pandn_ffff_ffff_0000_0000
 0000:2CB5       invDEBI_mmx_pandn_0000_0000_ffff_ffff
 0000:2CC4       invDEBI_mmx_pandn_ffff_0000_ffff_0000
 0000:2CD0       invDEBI_mmx_pandn_0000_ffff_0000_ffff
 0000:2CDC       invDEBI_mmx_movq
 0000:2D00       invDEBI_mmx_pand
 0000:2D24       invDEBI_mmx_por
 0000:2D48       invDEBI_mmx_pandn
 0000:2D70       invDEBI_quick_watch_show_EBP_relative_selector
 0000:2FA0       invDEBI_quick_watch_show_EBP_relative_32
 0000:2FAE       invDEBI_quick_watch_common_32
 0000:2FEB       invDEBI_quick_watch_show_fpu_cw
 0000:3109       invDEBI_quick_watch_show_fpu_sw
 0000:322B       invDEBI_quick_watch_show_fpu_tw
 0000:3283       invDEBI_quick_watch_stack_32
 0000:3299       invDEBI_quick_watch_locals_32
 0000:32AF       invDEBI_quick_watch_show_fpu_opcode
 0000:32DD       invDEBI_mem1_window
 0000:32EB       invDEBI_mem2_window
 0000:32F9       invDEBI_mem3_window
 0000:3307       invDEBI_mem4_window
 0000:3315       invDEBI_populate_mem_window
 0000:3470       invDEBI_pop_line_show_address
 0000:34D4       invDEBI_pop_line_mem_window_ascii_char
 0000:356F       invDEBI_pop_line_mem_window_byte
 0000:3611       invDEBI_pop_line_mem_window_word
 0000:36CF       invDEBI_pop_line_mem_window_dword
 0000:37A2       invDEBI_pop_line_mem_window_qword
 0000:389C       invDEBI_pop_line_show_displacement
 0000:38FA       invDEBI_store_eax_sign
 0000:390C       invDEBI_store_ecx_hexadecimal_in_eax_no_sign
 0000:3915       invDEBI_store_ecx_hexadecimal_in_eax
 0000:393C       invDEBI_store_byte_data_in_al
 0000:3962       invDEBI_get_mem_window_coords
 0000:39BF       invDEBI_logo_window
 0000:39CA       invDEBI_change_window_cfsca_1
 0000:39DB       invDEBI_change_window_cfsca_2
 0000:39EC       invDEBI_change_window_cfsca_3
 0000:39FD       invDEBI_change_window_common_cfsca
 0000:3A6A       invDEBI_new_window_descriptor
 0000:3A7E       invDEBI_new_window_regs_1
 0000:3A92       invDEBI_new_window_regs_3
 0000:3AA6       invDEBI_new_window_mmx
 0000:3ABA       invDEBI_new_window_fpu_1
 0000:3ACE       invDEBI_new_window_fpu_2
 0000:3AE2       invDEBI_new_window_fpu_summary
 0000:3AF3       invDEBI_new_window_fpu_savestate
 0000:3B04       invDEBI_new_window_mem_1
 0000:3B15       invDEBI_new_window_mem_2
 0000:3B26       invDEBI_new_window_mem_3
 0000:3B37       invDEBI_new_window_mem_4
 0000:3B48       invDEBI_new_window_locals
 0000:3B59       invDEBI_new_window_stack
 0000:3B6A       invDEBI_new_window_common
 0000:3BD1       invDEBI_menu_continue_click
 0000:3BDA       invDEBI_menu_break_click
 0000:3BDB       invDEBI_menu_over_click
 0000:3BDC       invDEBI_menu_step_click
 0000:3BE5       invDEBI_object_drag_start
 0000:3C64       invDEBI_object_drag_stop
 0000:3CDE       invDEBI_stx_drag_start
 0000:3D85       invDEBI_stx_drag_stop
 0000:3DF3       invDEBI_determine_stx_variable
 0000:3E97       invDEBI_mmx_drag_start
 0000:3F3E       invDEBI_mmx_drag_stop
 0000:3FAC       invDEBI_determine_mmx_variable
 0000:4028       invDEBI_drag_start
 0000:40C5       invDEBI_drag_stop
 0000:40EA       invDEBI_clear_text_22
 0000:414A       invDEBI_input_clear_var_click
 0000:4162       invDEBI_clear_disp_22
 0000:41C2       invDEBI_input_clear_field
 0000:41D3       invDEBI_checkbox_mouse_handler
 0000:41DC       invDEBI_checkbox_toggle
 0000:41F2       invDEBI_screen_refresh
 0000:4363       invDEBI_textbox_kbd_handler
 0000:4570       invDEBI_checkbox_kbd_handler
 0000:45C3       invDEBI_button_kbd_handler
 0000:45FD       invDEBI_next_keyboard_item
 0000:4671       invDEBI_textbox_insert
 0000:46A5       invDEBI_textbox_delete_selected
 0000:46FD       invDEBI_setFocus
 0000:47F2       invDEBI_object_setFocus
 0000:4813       invDEBI_lostFocus
 0000:4865       invDEBI_textbox_end
 0000:488B       invDEBI_textbox_get_length
 0000:48A4       invDEBI_force_lowercase_ds_edx
 0000:48BE       invDEBI_textbox_refresh
 0000:493B       invDEBI_textbox_activate
 0000:4941       invDEBI_textbox_set_cursor
 0000:4967       invDEBI_checkbox_refresh
 0000:4968       invDEBI_checkbox_activate
 0000:498C       invDEBI_button_refresh
 0000:498D       invDEBI_button_activate
 0000:49B1       invDEBI_function_set_cursor
 0000:49C8       invDEBI_kbd_input_cancel
 0000:49F6       invDEBI_exp_screen_ok
 0000:4A74       invDEBI_into_object_memvar
 0000:4A8B       invDEBI_from_object_memvar
 0000:4AAF       invDEBI_parse_expression
 0000:4CAB       invDEBI_parse_hexadecimal_constant
 0000:4CE7       invDEBI_parse_decimal_constant
 0000:4D25       invDEBI_parse_octal_constant
 0000:4D55       invDEBI_parse_binary_constant
 0000:4D84       invDEBI_search_regs
 0000:4E14       invDEBI_search_keywords
 0000:4E7E       invDEBI_force_lowercase_ah_al
 0000:4FAF       invDEBI_cfsca_1_window
 0000:4FB8       invDEBI_cfsca_2_window
 0000:4FC1       invDEBI_cfsca_3_window
 0000:4FC8       invDEBI_cfsca_window_common
 0000:50CE       invDEBI_cfsca_2_click
 0000:50CF       invDEBI_cfsca_3_click
 0000:50D0       invDEBI_cfsca_4_click
 0000:50D1       null_function
 0000:50D2       invDEBI_button
 0000:50D3       invDEBI_checkbox
 0000:50D4       invDEBI_CFSCA_kbd_handler
 0000:50D5       invDEBI_descriptor_hover
 0000:50DB       invDEBI_quick_watch_mem_32
 0000:50E1       invDEBI_quick_watch_mem_8
 0000:50E7       invDEBI_quick_watch_show_EBP_relative_80
 0000:50ED       invDEBI_quick_watch_show_EBP_relative_eflags
 0000:50F3       invDEBI_quick_watch_show_selector
 0000:50F9       invDEBI_quick_watch_mem_ascii_8
 0000:50FF       invDEBI_quick_watch_show_EBP_relative_64
 0000:5105       invDEBI_quick_watch_show_32_selector_separated
 0000:510B       invDEBI_object_close
 0000:511A       invDEBI_pop_line_mem_window_float32
 0000:5120       invDEBI_pop_line_mem_window_float64
 0000:5126       invDEBI_pop_line_mem_window_float80
 0000:512C       invDEBI_quick_watch_window
 0000:512D       invDEBI_center_item_around_mouse
 0000:5156       invDEBI_address_expression
 0000:5211       invDEBI_store_hex_address_in_eax
 0000:523D       invDEBI_store_bytes_in_eax
 0000:525E       invDEBI_quick_watch_click
 0000:525F       invDEBI_edit_variable
 0000:5260       invDEBI_kbd_handler
 0000:5391       iDEBI_open_file
 0000:5392       iDEBI_close_file
 0000:5392       iDEBI_write_file
 0000:5392       iDEBI_read_file
 0000:5392       invDEBI_search_file
 0000:5393       invDEBI_read_sector
 0000:5394       invDEBI_write_sector
 0000:5395       invDEBI_int0_handler
 0000:53A6       invDEBI_int1_handler
 0000:53B7       invDEBI_int2_handler
 0000:53C8       invDEBI_int3_handler
 0000:53D9       invDEBI_int4_handler
 0000:53EA       invDEBI_int5_handler
 0000:53FB       invDEBI_int6_handler
 0000:540C       invDEBI_int7_handler
 0000:5415       invDEBI_int8_handler
 0000:5424       invDEBI_int9_handler
 0000:5435       invDEBI_int10_handler
 0000:5444       invDEBI_int11_handler
 0000:5453       invDEBI_int12_handler
 0000:5462       invDEBI_int13_handler
 0000:5471       invDEBI_int14_handler
 0000:5480       invDEBI_int15_handler
 0000:5491       invDEBI_int16_handler
 0000:54A2       invDEBI_int17_handler
 0000:54B1       invDEBI_int18_handler
 0000:D8A0       _end
 0000:D8A0       _edata
 0000:D8A0       __edata
 0000:D8A0       __end
