
 Start  Stop   Length Name                   Class
 00000H 00000H 00000H _TEXT                  CODE
 00000H 0950EH 0950FH _TEXT32                CODE
 09510H 09510H 00000H _DATA                  DATA
 09510H 09510H 00000H STACK                  STACK

 Origin   Group
 0000:0   DGROUP

  Address         Publics by Name

 0000:1C55       hex_adjust_al
 0000:1C38       hex_adjust_al_dl
 0000:0096       initialize_driver
 0000:06EF       invVID_draw_logo_next_slot
 0000:1DCA       invVID_entering_graphics_mode
 0000:10DF       invVID_g_display_string_mono
 0000:18BB       invVID_g_mono_cursor
 0000:1E29       invVID_restore_text_mode
 0000:201E       invVID_VGA_initialize_interactive_palette
 0000:207E       invVID_vga_prepare_for_font
 0000:20B3       invVID_vga_reset_after_font
 0000:2046       invVID_vga_set_font
 0000:1FC1       invVID_VGA_set_interactive_palette
 0000:1E88       invVID_write_registers
 0000:21B1       invWait_a_bit
 0000:0081       main
 0000:0008       requestor
 0000:1D0D       VID_clear_screen_both
 0000:11C0       VID_clear_screen_mono
 0000:0398       VID_clear_screen_vga
 0000:1CCC       VID_display_decimal_in_edx_both
 0000:114E       VID_display_decimal_in_edx_mono
 0000:1CD9       VID_display_decimal_in_edx_nr_both
 0000:116A       VID_display_decimal_in_edx_nr_mono
 0000:115C       VID_display_decimal_in_edx_nr_vga
 0000:1140       VID_display_decimal_in_edx_vga
 0000:1CE6       VID_display_hexidecimal_in_edx_both
 0000:1186       VID_display_hexidecimal_in_edx_mono
 0000:1CF3       VID_display_hexidecimal_in_edx_nr_both
 0000:11A2       VID_display_hexidecimal_in_edx_nr_mono
 0000:1194       VID_display_hexidecimal_in_edx_nr_vga
 0000:1178       VID_display_hexidecimal_in_edx_vga
 0000:1CA5       VID_display_hex_string_ecx_both
 0000:0F3A       VID_display_hex_string_ecx_mono
 0000:1CBF       VID_display_hex_string_ecx_nr_both
 0000:0FEE       VID_display_hex_string_ecx_nr_mono
 0000:0290       VID_display_hex_string_ecx_nr_vga
 0000:1D27       VID_display_hex_string_ecx_ro_both
 0000:0FAC       VID_display_hex_string_ecx_ro_mono
 0000:025F       VID_display_hex_string_ecx_ro_vga
 0000:01EB       VID_display_hex_string_ecx_vga
 0000:10B6       VID_display_radix_in_edx_mono
 0000:1D34       VID_display_radix_in_edx_nr_both
 0000:10FD       VID_display_radix_in_edx_nr_mono
 0000:0370       VID_display_radix_in_edx_nr_vga
 0000:0358       VID_display_radix_in_edx_vga
 0000:1C6D       VID_display_string_both
 0000:1C8B       VID_display_string_ecx_both
 0000:0EF1       VID_display_string_ecx_mono
 0000:1C98       VID_display_string_ecx_nr_both
 0000:0FDD       VID_display_string_ecx_nr_mono
 0000:027F       VID_display_string_ecx_nr_vga
 0000:019E       VID_display_string_ecx_vga
 0000:0E6F       VID_display_string_mono
 0000:1CB2       VID_display_string_nr_both
 0000:0FBB       VID_display_string_nr_mono
 0000:026E       VID_display_string_nr_vga
 0000:0129       VID_display_string_vga
 0000:20E8       VID_draw_exodus_boot_screen
 0000:03F0       VID_draw_logo
 0000:1D1A       VID_freeze_frame_both
 0000:1203       VID_freeze_frame_mono
 0000:03DC       VID_freeze_frame_vga
 0000:0E2D       VID_get_cursor_mono
 0000:00E8       VID_get_cursor_vga
 0000:21C2       VID_g_claim_ownership
 0000:0811       VID_g_derive_color
 0000:1115       VID_g_display_radix_in_edx_mono
 0000:0920       VID_g_draw_text
 0000:075C       VID_g_fill_rectangle
 0000:1A7A       VID_g_mono_clear_screen
 0000:1898       VID_g_mono_cursor
 0000:1875       VID_g_mono_cursor_no_insert
 0000:1217       VID_g_mono_display_text
 0000:124A       VID_g_mono_display_text_mode
 0000:1A2F       VID_g_mono_enter_graphics_mode
 0000:150A       VID_g_mono_mouse_pointer
 0000:16FA       VID_g_mono_window_function
 0000:0C9C       VID_g_mouse_pointer
 0000:21EA       VID_g_release_ownership
 0000:1DAB       VID_g_set_font_16x16
 0000:1D8C       VID_g_set_font_8x14
 0000:1D4E       VID_g_set_font_8x6
 0000:1D6D       VID_g_set_font_8x8
 0000:1A9C       VID_mono_enter_text_mode
 0000:1D41       VID_move_to_next_line_both
 0000:0FFF       VID_move_to_next_line_mono
 0000:02A1       VID_move_to_next_line_vga
 0000:1C60       VID_position_cursor_both
 0000:0E21       VID_position_cursor_mono
 0000:00DC       VID_position_cursor_vga
 0000:2216       VID_requestor
 0000:1D00       VID_set_attribute_both
 0000:11B0       VID_set_attribute_mono
 0000:0388       VID_set_attribute_vga
 0000:0E48       VID_set_registers_for_mono
 0000:0102       VID_set_registers_for_vga
 0000:9510       _edata
 0000:9510       _end
 0000:1B8A       _generate_radix_string
 0000:1BC7       _generate_radix_string_ecx
 0000:1B12       _position_cursor
 0000:1B49       _position_cursor_raw_data
 0000:1AE7       _set_mono_mode
 0000:9510       __edata
 0000:9510       __end

  Address         Publics by Value

 0000:0008       requestor
 0000:0081       main
 0000:0096       initialize_driver
 0000:00DC       VID_position_cursor_vga
 0000:00E8       VID_get_cursor_vga
 0000:0102       VID_set_registers_for_vga
 0000:0129       VID_display_string_vga
 0000:019E       VID_display_string_ecx_vga
 0000:01EB       VID_display_hex_string_ecx_vga
 0000:025F       VID_display_hex_string_ecx_ro_vga
 0000:026E       VID_display_string_nr_vga
 0000:027F       VID_display_string_ecx_nr_vga
 0000:0290       VID_display_hex_string_ecx_nr_vga
 0000:02A1       VID_move_to_next_line_vga
 0000:0358       VID_display_radix_in_edx_vga
 0000:0370       VID_display_radix_in_edx_nr_vga
 0000:0388       VID_set_attribute_vga
 0000:0398       VID_clear_screen_vga
 0000:03DC       VID_freeze_frame_vga
 0000:03F0       VID_draw_logo
 0000:06EF       invVID_draw_logo_next_slot
 0000:075C       VID_g_fill_rectangle
 0000:0811       VID_g_derive_color
 0000:0920       VID_g_draw_text
 0000:0C9C       VID_g_mouse_pointer
 0000:0E21       VID_position_cursor_mono
 0000:0E2D       VID_get_cursor_mono
 0000:0E48       VID_set_registers_for_mono
 0000:0E6F       VID_display_string_mono
 0000:0EF1       VID_display_string_ecx_mono
 0000:0F3A       VID_display_hex_string_ecx_mono
 0000:0FAC       VID_display_hex_string_ecx_ro_mono
 0000:0FBB       VID_display_string_nr_mono
 0000:0FDD       VID_display_string_ecx_nr_mono
 0000:0FEE       VID_display_hex_string_ecx_nr_mono
 0000:0FFF       VID_move_to_next_line_mono
 0000:10B6       VID_display_radix_in_edx_mono
 0000:10DF       invVID_g_display_string_mono
 0000:10FD       VID_display_radix_in_edx_nr_mono
 0000:1115       VID_g_display_radix_in_edx_mono
 0000:1140       VID_display_decimal_in_edx_vga
 0000:114E       VID_display_decimal_in_edx_mono
 0000:115C       VID_display_decimal_in_edx_nr_vga
 0000:116A       VID_display_decimal_in_edx_nr_mono
 0000:1178       VID_display_hexidecimal_in_edx_vga
 0000:1186       VID_display_hexidecimal_in_edx_mono
 0000:1194       VID_display_hexidecimal_in_edx_nr_vga
 0000:11A2       VID_display_hexidecimal_in_edx_nr_mono
 0000:11B0       VID_set_attribute_mono
 0000:11C0       VID_clear_screen_mono
 0000:1203       VID_freeze_frame_mono
 0000:1217       VID_g_mono_display_text
 0000:124A       VID_g_mono_display_text_mode
 0000:150A       VID_g_mono_mouse_pointer
 0000:16FA       VID_g_mono_window_function
 0000:1875       VID_g_mono_cursor_no_insert
 0000:1898       VID_g_mono_cursor
 0000:18BB       invVID_g_mono_cursor
 0000:1A2F       VID_g_mono_enter_graphics_mode
 0000:1A7A       VID_g_mono_clear_screen
 0000:1A9C       VID_mono_enter_text_mode
 0000:1AE7       _set_mono_mode
 0000:1B12       _position_cursor
 0000:1B49       _position_cursor_raw_data
 0000:1B8A       _generate_radix_string
 0000:1BC7       _generate_radix_string_ecx
 0000:1C38       hex_adjust_al_dl
 0000:1C55       hex_adjust_al
 0000:1C60       VID_position_cursor_both
 0000:1C6D       VID_display_string_both
 0000:1C8B       VID_display_string_ecx_both
 0000:1C98       VID_display_string_ecx_nr_both
 0000:1CA5       VID_display_hex_string_ecx_both
 0000:1CB2       VID_display_string_nr_both
 0000:1CBF       VID_display_hex_string_ecx_nr_both
 0000:1CCC       VID_display_decimal_in_edx_both
 0000:1CD9       VID_display_decimal_in_edx_nr_both
 0000:1CE6       VID_display_hexidecimal_in_edx_both
 0000:1CF3       VID_display_hexidecimal_in_edx_nr_both
 0000:1D00       VID_set_attribute_both
 0000:1D0D       VID_clear_screen_both
 0000:1D1A       VID_freeze_frame_both
 0000:1D27       VID_display_hex_string_ecx_ro_both
 0000:1D34       VID_display_radix_in_edx_nr_both
 0000:1D41       VID_move_to_next_line_both
 0000:1D4E       VID_g_set_font_8x6
 0000:1D6D       VID_g_set_font_8x8
 0000:1D8C       VID_g_set_font_8x14
 0000:1DAB       VID_g_set_font_16x16
 0000:1DCA       invVID_entering_graphics_mode
 0000:1E29       invVID_restore_text_mode
 0000:1E88       invVID_write_registers
 0000:1FC1       invVID_VGA_set_interactive_palette
 0000:201E       invVID_VGA_initialize_interactive_palette
 0000:2046       invVID_vga_set_font
 0000:207E       invVID_vga_prepare_for_font
 0000:20B3       invVID_vga_reset_after_font
 0000:20E8       VID_draw_exodus_boot_screen
 0000:21B1       invWait_a_bit
 0000:21C2       VID_g_claim_ownership
 0000:21EA       VID_g_release_ownership
 0000:2216       VID_requestor
 0000:9510       _edata
 0000:9510       __end
 0000:9510       __edata
 0000:9510       _end
